// Jest Snapshot v1, https://goo.gl/fbAQLP

exports[`End to end test Export test 1`] = `
"{\\"area_name\\":\\"Babaharimoss boulder\\",\\"metadata\\":{\\"area_id\\":\\"15fab2a5-c3ba-48c1-bb31-0bb2dc07c2d5\\",\\"mp_id\\":\\"109104861\\",\\"lng\\":-121.84467,\\"lat\\":45.49717},\\"desc\\":[],\\"src\\":\\"examples/Oregon/Mt. Hood/Lost Lake Boulders/Extra Crispy Boulders/Babaharimoss boulder/index.md\\"}
{\\"area_name\\":\\"Pine Line, The\\",\\"metadata\\":{\\"area_id\\":\\"410edef7-4896-4267-a645-d785d3d7855b\\",\\"mp_id\\":\\"113349046\\",\\"lng\\":-121.84464,\\"lat\\":45.49712},\\"desc\\":[],\\"src\\":\\"examples/Oregon/Mt. Hood/Lost Lake Boulders/Extra Crispy Boulders/Pine Line, The/index.md\\"}
{\\"area_name\\":\\"Quality Time Boulder\\",\\"metadata\\":{\\"area_id\\":\\"11234d3d-7c00-41e9-a3ce-e949500b29a9\\",\\"mp_id\\":\\"109252451\\",\\"lng\\":-121.84472,\\"lat\\":45.49716},\\"desc\\":[],\\"src\\":\\"examples/Oregon/Mt. Hood/Lost Lake Boulders/Extra Crispy Boulders/Quality Time Boulder/index.md\\"}
{\\"area_name\\":\\"Skid Mark Boulder\\",\\"metadata\\":{\\"area_id\\":\\"b6f23705-d30a-47e5-80b3-9bb9a9048e87\\",\\"mp_id\\":\\"109252443\\",\\"lng\\":-121.84467,\\"lat\\":45.49717},\\"desc\\":[],\\"src\\":\\"examples/Oregon/Mt. Hood/Lost Lake Boulders/Extra Crispy Boulders/Skid Mark Boulder/index.md\\"}
{\\"area_name\\":\\"Time Warp Boulder\\",\\"metadata\\":{\\"area_id\\":\\"05fc9c62-f6b1-4816-afc2-3ff15b12f606\\",\\"mp_id\\":\\"119055160\\",\\"lng\\":-121.84458,\\"lat\\":45.49759},\\"desc\\":[],\\"src\\":\\"examples/Oregon/Mt. Hood/Lost Lake Boulders/Extra Crispy Boulders/Time Warp Boulder/index.md\\"}
{\\"area_name\\":\\"White Rhino, The\\",\\"metadata\\":{\\"area_id\\":\\"50924451-49d4-444e-a16a-54665bd255de\\",\\"mp_id\\":\\"110624258\\",\\"lng\\":-121.84469,\\"lat\\":45.49741},\\"desc\\":[],\\"src\\":\\"examples/Oregon/Mt. Hood/Lost Lake Boulders/Extra Crispy Boulders/White Rhino, The/index.md\\"}
{\\"area_name\\":\\"kids in the hall boulder\\",\\"metadata\\":{\\"area_id\\":\\"36c29bab-b478-407d-a9b3-95e3be10e774\\",\\"mp_id\\":\\"109104867\\",\\"lng\\":-121.84467,\\"lat\\":45.49717},\\"desc\\":[],\\"src\\":\\"examples/Oregon/Mt. Hood/Lost Lake Boulders/Extra Crispy Boulders/kids in the hall boulder/index.md\\"}
{\\"area_name\\":\\"Quirky Combat Wall\\",\\"metadata\\":{\\"lng\\":-121.568433,\\"lat\\":45.405378,\\"area_id\\":\\"200bb0e7-62dd-43c3-b1de-3110e1b7f675\\",\\"mp_id\\":\\"\\"},\\"desc\\":[\\"Keep going left of K9 Shangai for about 150 yards. The faint trail follows the edge of the wall until you get to the next group of scrubbed routes.\\",\\"The trail is on slopping very soft dirt and it does not take much to trigger a slide. Thread lightly.\\",\\"All these routes are fairly new and even though great care was take to remove obvious loose rocks, some more may still be present. Helmets are strongly recommended. Some of these new routes might be in need of a light re-scrubbing. You should find brushes in the tree-mounted box along the trail. You are welcome to take one with you during your visit.\\"],\\"src\\":\\"examples/Oregon/Mt. Hood/Petes Pile/Quirky Combat Wall/index.md\\"}
"
`;
